// Jest Snapshot v1, https://goo.gl/fbAQLP

exports[`<GridHelper/> It shallow renders GridHelper 1`] = `
<styled.div>
  <styled.div
    top={387}
  />
</styled.div>
`;

exports[`<GridHelper/> It shallow renders GridHelper when props provided 1`] = `
<styled.div>
  <styled.div
    key="112.5HorizontalLine"
    top={112.5}
  />
  <styled.div
    key="225HorizontalLine"
    top={225}
  />
  <styled.div
    key="337.5HorizontalLine"
    top={337.5}
  />
  <styled.div
    key="450HorizontalLine"
    top={450}
  />
  <styled.div
    key="562.5HorizontalLine"
    top={562.5}
  />
  <styled.div
    key="675HorizontalLine"
    top={675}
  />
  <styled.div
    key="787.5HorizontalLine"
    top={787.5}
  />
  <styled.div
    angle={60}
    key="00Diagonal"
    left={-65}
    top={0}
  />
  <styled.div
    angle={120}
    key="00Diagonal23"
    left={-65}
    top={0}
  />
  <styled.div
    angle={60}
    key="1300Diagonal"
    left={65}
    top={0}
  />
  <styled.div
    angle={120}
    key="1300Diagonal23"
    left={65}
    top={0}
  />
  <styled.div
    angle={60}
    key="2600Diagonal"
    left={195}
    top={0}
  />
  <styled.div
    angle={120}
    key="2600Diagonal23"
    left={195}
    top={0}
  />
  <styled.div
    angle={60}
    key="3900Diagonal"
    left={325}
    top={0}
  />
  <styled.div
    angle={120}
    key="3900Diagonal23"
    left={325}
    top={0}
  />
  <styled.div
    angle={60}
    key="5200Diagonal"
    left={455}
    top={0}
  />
  <styled.div
    angle={120}
    key="5200Diagonal23"
    left={455}
    top={0}
  />
  <styled.div
    angle={60}
    key="6500Diagonal"
    left={585}
    top={0}
  />
  <styled.div
    angle={120}
    key="6500Diagonal23"
    left={585}
    top={0}
  />
  <styled.div
    angle={60}
    key="7800Diagonal"
    left={715}
    top={0}
  />
  <styled.div
    angle={120}
    key="7800Diagonal23"
    left={715}
    top={0}
  />
  <styled.div
    angle={60}
    key="0112.5Diagonal"
    left={0}
    top={112.5}
  />
  <styled.div
    angle={120}
    key="0112.5Diagonal23"
    left={0}
    top={112.5}
  />
  <styled.div
    angle={60}
    key="130112.5Diagonal"
    left={130}
    top={112.5}
  />
  <styled.div
    angle={120}
    key="130112.5Diagonal23"
    left={130}
    top={112.5}
  />
  <styled.div
    angle={60}
    key="260112.5Diagonal"
    left={260}
    top={112.5}
  />
  <styled.div
    angle={120}
    key="260112.5Diagonal23"
    left={260}
    top={112.5}
  />
  <styled.div
    angle={60}
    key="390112.5Diagonal"
    left={390}
    top={112.5}
  />
  <styled.div
    angle={120}
    key="390112.5Diagonal23"
    left={390}
    top={112.5}
  />
  <styled.div
    angle={60}
    key="520112.5Diagonal"
    left={520}
    top={112.5}
  />
  <styled.div
    angle={120}
    key="520112.5Diagonal23"
    left={520}
    top={112.5}
  />
  <styled.div
    angle={60}
    key="650112.5Diagonal"
    left={650}
    top={112.5}
  />
  <styled.div
    angle={120}
    key="650112.5Diagonal23"
    left={650}
    top={112.5}
  />
  <styled.div
    angle={60}
    key="780112.5Diagonal"
    left={780}
    top={112.5}
  />
  <styled.div
    angle={120}
    key="780112.5Diagonal23"
    left={780}
    top={112.5}
  />
  <styled.div
    angle={60}
    key="0225Diagonal"
    left={-65}
    top={225}
  />
  <styled.div
    angle={120}
    key="0225Diagonal23"
    left={-65}
    top={225}
  />
  <styled.div
    angle={60}
    key="130225Diagonal"
    left={65}
    top={225}
  />
  <styled.div
    angle={120}
    key="130225Diagonal23"
    left={65}
    top={225}
  />
  <styled.div
    angle={60}
    key="260225Diagonal"
    left={195}
    top={225}
  />
  <styled.div
    angle={120}
    key="260225Diagonal23"
    left={195}
    top={225}
  />
  <styled.div
    angle={60}
    key="390225Diagonal"
    left={325}
    top={225}
  />
  <styled.div
    angle={120}
    key="390225Diagonal23"
    left={325}
    top={225}
  />
  <styled.div
    angle={60}
    key="520225Diagonal"
    left={455}
    top={225}
  />
  <styled.div
    angle={120}
    key="520225Diagonal23"
    left={455}
    top={225}
  />
  <styled.div
    angle={60}
    key="650225Diagonal"
    left={585}
    top={225}
  />
  <styled.div
    angle={120}
    key="650225Diagonal23"
    left={585}
    top={225}
  />
  <styled.div
    angle={60}
    key="780225Diagonal"
    left={715}
    top={225}
  />
  <styled.div
    angle={120}
    key="780225Diagonal23"
    left={715}
    top={225}
  />
  <styled.div
    angle={60}
    key="0337.5Diagonal"
    left={0}
    top={337.5}
  />
  <styled.div
    angle={120}
    key="0337.5Diagonal23"
    left={0}
    top={337.5}
  />
  <styled.div
    angle={60}
    key="130337.5Diagonal"
    left={130}
    top={337.5}
  />
  <styled.div
    angle={120}
    key="130337.5Diagonal23"
    left={130}
    top={337.5}
  />
  <styled.div
    angle={60}
    key="260337.5Diagonal"
    left={260}
    top={337.5}
  />
  <styled.div
    angle={120}
    key="260337.5Diagonal23"
    left={260}
    top={337.5}
  />
  <styled.div
    angle={60}
    key="390337.5Diagonal"
    left={390}
    top={337.5}
  />
  <styled.div
    angle={120}
    key="390337.5Diagonal23"
    left={390}
    top={337.5}
  />
  <styled.div
    angle={60}
    key="520337.5Diagonal"
    left={520}
    top={337.5}
  />
  <styled.div
    angle={120}
    key="520337.5Diagonal23"
    left={520}
    top={337.5}
  />
  <styled.div
    angle={60}
    key="650337.5Diagonal"
    left={650}
    top={337.5}
  />
  <styled.div
    angle={120}
    key="650337.5Diagonal23"
    left={650}
    top={337.5}
  />
  <styled.div
    angle={60}
    key="780337.5Diagonal"
    left={780}
    top={337.5}
  />
  <styled.div
    angle={120}
    key="780337.5Diagonal23"
    left={780}
    top={337.5}
  />
  <styled.div
    angle={60}
    key="0450Diagonal"
    left={-65}
    top={450}
  />
  <styled.div
    angle={120}
    key="0450Diagonal23"
    left={-65}
    top={450}
  />
  <styled.div
    angle={60}
    key="130450Diagonal"
    left={65}
    top={450}
  />
  <styled.div
    angle={120}
    key="130450Diagonal23"
    left={65}
    top={450}
  />
  <styled.div
    angle={60}
    key="260450Diagonal"
    left={195}
    top={450}
  />
  <styled.div
    angle={120}
    key="260450Diagonal23"
    left={195}
    top={450}
  />
  <styled.div
    angle={60}
    key="390450Diagonal"
    left={325}
    top={450}
  />
  <styled.div
    angle={120}
    key="390450Diagonal23"
    left={325}
    top={450}
  />
  <styled.div
    angle={60}
    key="520450Diagonal"
    left={455}
    top={450}
  />
  <styled.div
    angle={120}
    key="520450Diagonal23"
    left={455}
    top={450}
  />
  <styled.div
    angle={60}
    key="650450Diagonal"
    left={585}
    top={450}
  />
  <styled.div
    angle={120}
    key="650450Diagonal23"
    left={585}
    top={450}
  />
  <styled.div
    angle={60}
    key="780450Diagonal"
    left={715}
    top={450}
  />
  <styled.div
    angle={120}
    key="780450Diagonal23"
    left={715}
    top={450}
  />
  <styled.div
    angle={60}
    key="0562.5Diagonal"
    left={0}
    top={562.5}
  />
  <styled.div
    angle={120}
    key="0562.5Diagonal23"
    left={0}
    top={562.5}
  />
  <styled.div
    angle={60}
    key="130562.5Diagonal"
    left={130}
    top={562.5}
  />
  <styled.div
    angle={120}
    key="130562.5Diagonal23"
    left={130}
    top={562.5}
  />
  <styled.div
    angle={60}
    key="260562.5Diagonal"
    left={260}
    top={562.5}
  />
  <styled.div
    angle={120}
    key="260562.5Diagonal23"
    left={260}
    top={562.5}
  />
  <styled.div
    angle={60}
    key="390562.5Diagonal"
    left={390}
    top={562.5}
  />
  <styled.div
    angle={120}
    key="390562.5Diagonal23"
    left={390}
    top={562.5}
  />
  <styled.div
    angle={60}
    key="520562.5Diagonal"
    left={520}
    top={562.5}
  />
  <styled.div
    angle={120}
    key="520562.5Diagonal23"
    left={520}
    top={562.5}
  />
  <styled.div
    angle={60}
    key="650562.5Diagonal"
    left={650}
    top={562.5}
  />
  <styled.div
    angle={120}
    key="650562.5Diagonal23"
    left={650}
    top={562.5}
  />
  <styled.div
    angle={60}
    key="780562.5Diagonal"
    left={780}
    top={562.5}
  />
  <styled.div
    angle={120}
    key="780562.5Diagonal23"
    left={780}
    top={562.5}
  />
  <styled.div
    angle={60}
    key="0675Diagonal"
    left={-65}
    top={675}
  />
  <styled.div
    angle={120}
    key="0675Diagonal23"
    left={-65}
    top={675}
  />
  <styled.div
    angle={60}
    key="130675Diagonal"
    left={65}
    top={675}
  />
  <styled.div
    angle={120}
    key="130675Diagonal23"
    left={65}
    top={675}
  />
  <styled.div
    angle={60}
    key="260675Diagonal"
    left={195}
    top={675}
  />
  <styled.div
    angle={120}
    key="260675Diagonal23"
    left={195}
    top={675}
  />
  <styled.div
    angle={60}
    key="390675Diagonal"
    left={325}
    top={675}
  />
  <styled.div
    angle={120}
    key="390675Diagonal23"
    left={325}
    top={675}
  />
  <styled.div
    angle={60}
    key="520675Diagonal"
    left={455}
    top={675}
  />
  <styled.div
    angle={120}
    key="520675Diagonal23"
    left={455}
    top={675}
  />
  <styled.div
    angle={60}
    key="650675Diagonal"
    left={585}
    top={675}
  />
  <styled.div
    angle={120}
    key="650675Diagonal23"
    left={585}
    top={675}
  />
  <styled.div
    angle={60}
    key="780675Diagonal"
    left={715}
    top={675}
  />
  <styled.div
    angle={120}
    key="780675Diagonal23"
    left={715}
    top={675}
  />
  <styled.div
    angle={60}
    key="0787.5Diagonal"
    left={0}
    top={787.5}
  />
  <styled.div
    angle={120}
    key="0787.5Diagonal23"
    left={0}
    top={787.5}
  />
  <styled.div
    angle={60}
    key="130787.5Diagonal"
    left={130}
    top={787.5}
  />
  <styled.div
    angle={120}
    key="130787.5Diagonal23"
    left={130}
    top={787.5}
  />
  <styled.div
    angle={60}
    key="260787.5Diagonal"
    left={260}
    top={787.5}
  />
  <styled.div
    angle={120}
    key="260787.5Diagonal23"
    left={260}
    top={787.5}
  />
  <styled.div
    angle={60}
    key="390787.5Diagonal"
    left={390}
    top={787.5}
  />
  <styled.div
    angle={120}
    key="390787.5Diagonal23"
    left={390}
    top={787.5}
  />
  <styled.div
    angle={60}
    key="520787.5Diagonal"
    left={520}
    top={787.5}
  />
  <styled.div
    angle={120}
    key="520787.5Diagonal23"
    left={520}
    top={787.5}
  />
  <styled.div
    angle={60}
    key="650787.5Diagonal"
    left={650}
    top={787.5}
  />
  <styled.div
    angle={120}
    key="650787.5Diagonal23"
    left={650}
    top={787.5}
  />
  <styled.div
    angle={60}
    key="780787.5Diagonal"
    left={780}
    top={787.5}
  />
  <styled.div
    angle={120}
    key="780787.5Diagonal23"
    left={780}
    top={787.5}
  />
  <styled.div
    key="00ReferencePoint"
    left={321}
    top={-4}
  />
  <styled.div
    key="0390ReferencePoint"
    left={711}
    top={-4}
  />
  <styled.div
    key="0780ReferencePoint"
    left={1101}
    top={-4}
  />
  <styled.div
    key="112.50ReferencePoint"
    left={126}
    top={108.5}
  />
  <styled.div
    key="112.5390ReferencePoint"
    left={516}
    top={108.5}
  />
  <styled.div
    key="112.5780ReferencePoint"
    left={906}
    top={108.5}
  />
  <styled.div
    key="2250ReferencePoint"
    left={321}
    top={221}
  />
  <styled.div
    key="225390ReferencePoint"
    left={711}
    top={221}
  />
  <styled.div
    key="225780ReferencePoint"
    left={1101}
    top={221}
  />
  <styled.div
    key="337.50ReferencePoint"
    left={126}
    top={333.5}
  />
  <styled.div
    key="337.5390ReferencePoint"
    left={516}
    top={333.5}
  />
  <styled.div
    key="337.5780ReferencePoint"
    left={906}
    top={333.5}
  />
  <styled.div
    key="4500ReferencePoint"
    left={321}
    top={446}
  />
  <styled.div
    key="450390ReferencePoint"
    left={711}
    top={446}
  />
  <styled.div
    key="450780ReferencePoint"
    left={1101}
    top={446}
  />
  <styled.div
    key="562.50ReferencePoint"
    left={126}
    top={558.5}
  />
  <styled.div
    key="562.5390ReferencePoint"
    left={516}
    top={558.5}
  />
  <styled.div
    key="562.5780ReferencePoint"
    left={906}
    top={558.5}
  />
  <styled.div
    key="6750ReferencePoint"
    left={321}
    top={671}
  />
  <styled.div
    key="675390ReferencePoint"
    left={711}
    top={671}
  />
  <styled.div
    key="675780ReferencePoint"
    left={1101}
    top={671}
  />
  <styled.div
    key="787.50ReferencePoint"
    left={126}
    top={783.5}
  />
  <styled.div
    key="787.5390ReferencePoint"
    left={516}
    top={783.5}
  />
  <styled.div
    key="787.5780ReferencePoint"
    left={906}
    top={783.5}
  />
</styled.div>
`;
